[www.ffpf.org/index.html]
[backblue.gif]
[fade.gif]
[index.html]
[www.ffpf.org/superpwa-manifest.json]
[www.ffpf.org/wp-content/plugins/woocommerce/assets/css/woocommerce-layout5d2d.css]
[www.ffpf.org/wp-content/plugins/woocommerce/assets/css/woocommerce-smallscreen5d2d.css]
[www.ffpf.org/feed/index.html]
[www.ffpf.org/wp-content/plugins/woocommerce/assets/css/woocommerce5d2d.css]
[www.ffpf.org/fr/home-fr/index.html]
[www.ffpf.org/wp-content/plugins/give/assets/dist/css/give9e95.css]
[www.ffpf.org/wp-content/plugins/give/assets/dist/css/give-donation-summary9e95.css]
[www.ffpf.org/wp-content/themes/Divi/includes/builder/styles/images/preloader.gif]
[www.ffpf.org/wp-content/themes/Divi/core/admin/fonts/modules/all/modules.eot]
[www.ffpf.org/wp-content/themes/Divi-child/stylea48f.css]
[www.ffpf.org/wp-includes/js/jquery/jquery.minf43b.js]
[www.ffpf.org/wp-includes/js/jquery/jquery-migrate.min5589.js]
[www.ffpf.org/wp-content/plugins/woocommerce/assets/js/jquery-blockui/jquery.blockUI.min5f77.js]
[www.ffpf.org/wp-content/plugins/woocommerce/assets/js/frontend/add-to-cart.min5d2d.js]
[www.ffpf.org/wp-content/plugins/woocommerce/assets/js/js-cookie/js.cookie.min244a.js]
[www.ffpf.org/wp-content/plugins/woocommerce/assets/js/frontend/woocommerce.min5d2d.js]
[www.ffpf.org/wp-includes/js/dist/vendor/wp-polyfill-inert.min0226.js]
[www.ffpf.org/wp-includes/js/dist/vendor/regenerator-runtime.min6c85.js]
[www.ffpf.org/wp-includes/js/dist/vendor/wp-polyfill.min2c7c.js]
[www.ffpf.org/wp-includes/js/dist/hooks.min2ebd.js]
[www.ffpf.org/wp-includes/js/dist/i18n.minf92f.js]
[www.ffpf.org/wp-content/plugins/give/assets/dist/js/give7905.js]
[www.ffpf.org/wp-json/wp/v2/pages/2.json]
[www.ffpf.org/wp-json/index.html]
[www.ffpf.org/xmlrpc0db0.php]
[www.ffpf.org/wp-json/oembed/1.0/embeda3a1.json]
[www.ffpf.org/wp-json/oembed/1.0/embed9b63]
[www.ffpf.org/wp-content/uploads/2018/10/cropped-logo-ffpf-icon-32x32.png]
[www.ffpf.org/wp-content/uploads/2018/10/cropped-logo-ffpf-icon-192x192.png]
[www.ffpf.org/wp-content/uploads/2018/10/cropped-logo-ffpf-icon-180x180.png]
[www.ffpf.org/wp-content/uploads/2019/09/slider-ffpf_optimized.jpg]
[www.ffpf.org/wp-content/uploads/2018/10/logo-ffpf.png]
[www.ffpf.org/wp-content/uploads/2018/10/icon-1.png]
[www.ffpf.org/about-us/index.html]
[www.ffpf.org/covid-19-en/index.html]
[www.ffpf.org/wp-content/uploads/2018/10/icon-2.png]
[www.ffpf.org/mission/index.html]
[www.ffpf.org/sponsorship/index.html]
[www.ffpf.org/wp-content/plugins/woocommerce/assets/client/blocks/wc-blocksff95.css]
[www.ffpf.org/get-involved/index.html]
[www.ffpf.org/wp-includes/js/mediaelement/mediaelementplayer-legacy.min1f61.css]
[www.ffpf.org/cart/index.html]
[www.ffpf.org/wp-includes/js/mediaelement/wp-mediaelement.min5352.css]
[www.ffpf.org/2024/02/09/feb-8-2024/index.html]
[www.ffpf.org/2024/02/09/feb-9-2024/index.html]
[www.ffpf.org/wp-includes/css/dist/block-library/style.min5352.css]
[www.ffpf.org/page/2/indexf83b.html]
[www.ffpf.org/wp-content/plugins/super-progressive-web-apps/public/js/register-sw.js]
[www.ffpf.org/wp-content/plugins/woocommerce/assets/js/sourcebuster/sourcebuster.min5d2d.js]
[www.ffpf.org/contact/index.html]
[www.ffpf.org/wp-content/plugins/woocommerce/assets/js/frontend/order-attribution.min5d2d.js]
[www.ffpf.org/wp-content/plugins/give/assets/dist/js/give-donation-summary9e95.js]
[www.ffpf.org/wp-content/themes/Divi/js/scripts.mina48f.js]
[www.ffpf.org/wp-content/themes/Divi/includes/builder/feature/dynamic-assets/assets/js/jquery.fitvidsa48f.js]
[www.ffpf.org/wp-content/themes/Divi/includes/builder/feature/dynamic-assets/assets/js/easypiecharta48f.js]
[www.ffpf.org/wp-content/themes/Divi/includes/builder/feature/dynamic-assets/assets/js/salvattorea48f.js]
[www.ffpf.org/wp-content/themes/Divi/core/admin/js/commona48f.js]
[www.ffpf.org/wp-includes/js/mediaelement/mediaelement-and-player.min1f61.js]
[www.ffpf.org/wp-includes/js/mediaelement/mediaelement-migrate.min5352.js]
[www.ffpf.org/index.html]
[www.ffpf.org/xmlrpc.php]
[www.ffpf.org/wp-includes/js/mediaelement/wp-mediaelement.min5352.js]
[www.ffpf.org/wp-json/wp/v2/pages/690.json]
[www.ffpf.org/fr/feed/index.html]
[www.ffpf.org/wp-json/oembed/1.0/embed7caa.json]
[www.ffpf.org/wp-json/oembed/1.0/embed69f3]
[www.ffpf.org/fr/home-fr/index.html]
[www.ffpf.org/wp-content/uploads/2018/10/slider-ffpf.jpg]
[www.ffpf.org/comments/feed/index.html]
[www.ffpf.org/fr/covid-19/index.html]
[www.ffpf.org/wp-content/plugins/woocommerce/assets/css/woocommerce-layout5d2d.css]
[www.ffpf.org/fr/a-propos/index.html]
[www.ffpf.org/wp-content/plugins/woocommerce/assets/css/woocommerce-smallscreen5d2d.css]
[www.ffpf.org/fr/parrainage/index.html]
[www.ffpf.org/fr/simpliquer/index.html]
[www.ffpf.org/fr/mission-2/index.html]
[www.ffpf.org/wp-content/plugins/woocommerce/assets/fonts/WooCommerce.woff2]
[www.ffpf.org/wp-content/plugins/woocommerce/assets/fonts/WooCommerce.woff]
[www.ffpf.org/fr/nous-joindre/index.html]
[www.ffpf.org/wp-content/plugins/woocommerce/assets/fonts/WooCommerce.ttf]
[www.ffpf.org/fr/2024/02/09/ffpf-mission-jour-6-2024/index.html]
[www.ffpf.org/fr/2024/02/09/ffpf-mission-jour-5-2024/index.html]
[www.ffpf.org/wp-content/plugins/woocommerce/assets/images/icons/loader.svg]
[www.ffpf.org/wp-content/plugins/woocommerce/assets/images/icons/credit-cards/visa.svg]
[www.ffpf.org/wp-content/plugins/woocommerce/assets/images/icons/credit-cards/mastercard.svg]
[www.ffpf.org/wp-content/plugins/woocommerce/assets/images/icons/credit-cards/laser.svg]
[www.ffpf.org/wp-content/plugins/woocommerce/assets/images/icons/credit-cards/diners.svg]
[www.ffpf.org/wp-content/plugins/woocommerce/assets/images/icons/credit-cards/maestro.svg]
[www.ffpf.org/wp-content/plugins/woocommerce/assets/images/icons/credit-cards/jcb.svg]
[www.ffpf.org/wp-content/plugins/woocommerce/assets/images/icons/credit-cards/amex.svg]
[www.ffpf.org/wp-content/plugins/woocommerce/assets/css/woocommerce5d2d.css]
[www.ffpf.org/wp-content/plugins/woocommerce/assets/images/icons/credit-cards/discover.svg]
[www.ffpf.org/wp-content/plugins/give/assets/dist/fonts/icomoon5c45.eot]
[www.ffpf.org/wp-content/plugins/give/assets/dist/fonts/icomoon5c45.woff]
[www.ffpf.org/wp-content/plugins/give/assets/dist/fonts/icomoon5c45.svg]
[www.ffpf.org/wp-content/plugins/give/assets/dist/images/tick.png]
[www.ffpf.org/wp-content/plugins/give/assets/dist/images/visa.svg]
[www.ffpf.org/wp-content/plugins/give/assets/dist/images/mastercard.svg]
[www.ffpf.org/wp-content/plugins/give/assets/dist/images/discover.svg]
[www.ffpf.org/wp-content/plugins/give/assets/dist/images/amex.svg]
[www.ffpf.org/wp-content/plugins/give/assets/dist/images/maestro.svg]
[www.ffpf.org/wp-content/plugins/give/assets/dist/images/diners-club.svg]
[www.ffpf.org/wp-content/plugins/give/assets/dist/images/jcb.svg]
[www.ffpf.org/wp-content/plugins/give/assets/dist/images/dankort.png]
[www.ffpf.org/wp-content/plugins/give/assets/dist/css/give9e95.css]
[www.ffpf.org/wp-content/plugins/give/assets/dist/css/give-donation-summary9e95.css]
[www.ffpf.org/wp-content/plugins/give/assets/dist/images/unionpay.svg]
[www.ffpf.org/wp-content/themes/Divi-child/stylea48f.css]
[www.ffpf.org/wp-content/themes/Divi/style.css]
[www.ffpf.org/wp-content/et-cache/111/et-divi-dynamic-111bf7d.css]
[www.ffpf.org/wp-json/wp/v2/pages/111.json]
[www.ffpf.org/wp-json/oembed/1.0/embed443a.json]
[www.ffpf.org/wp-json/oembed/1.0/embedd3c4]
[www.ffpf.org/wp-content/uploads/2018/10/GenevieveCote-Operating.jpg]
[www.ffpf.org/wp-content/et-cache/111/et-core-unified-deferred-111.min8990.css]
[www.ffpf.org/wp-content/uploads/2018/11/Community-01.jpg]
[www.ffpf.org/wp-content/uploads/2018/11/crhp-300x106.jpg]
[www.ffpf.org/wp-content/uploads/2018/10/ShivendraDwivedi.jpg]
[www.ffpf.org/wp-content/uploads/2018/10/VinodDargan.jpg]
[www.ffpf.org/wp-content/uploads/2018/10/DominicTalarico.jpg]
[www.ffpf.org/wp-content/uploads/2021/05/Hemant-M.Shah-ffpf-MediaPublic-and-Government-Relations-1.jpg]
[www.ffpf.org/wp-content/uploads/2018/10/YogendraPChaubey.jpg]
[www.ffpf.org/wp-content/uploads/2018/10/RKT-216x216.jpg]
[www.ffpf.org/wp-content/uploads/2018/10/FFPF-Kumaresan.jpg]
[www.ffpf.org/wp-content/uploads/2018/10/FFPF-Marc-Olivierr.jpg]
[www.ffpf.org/wp-content/uploads/2018/10/JustineLeveille-1.jpg]
[www.ffpf.org/about-us/index.html]
[www.ffpf.org/wp-content/themes/Divi/includes/builder/feature/dynamic-assets/assets/js/jquery.mobilea48f.js]
[www.ffpf.org/wp-json/wp/v2/pages/185.json]
[www.ffpf.org/wp-json/oembed/1.0/embedd482.json]
[www.ffpf.org/wp-json/oembed/1.0/embed3496]
[www.ffpf.org/wp-content/uploads/2018/10/Operation-07.jpg]
[www.ffpf.org/mission/index.html]
[www.ffpf.org/wp-content/themes/Divi/includes/builder/feature/dynamic-assets/assets/js/magnific-popupa48f.js]
[www.ffpf.org/2022/09/27/mission-scheduled-for-february-2023/index.html]
[www.ffpf.org/2023/05/15/upcoming-february-2024-mission/index.html]
[www.ffpf.org/wp-json/wp/v2/pages/15432.json]
[www.ffpf.org/wp-json/oembed/1.0/embed940d.json]
[www.ffpf.org/wp-json/oembed/1.0/embedb12a]
[www.ffpf.org/covid-19-en/index.html]
[www.ffpf.org/wp-content/et-cache/global/et-divi-customizer-global.min7bae.css]
[www.ffpf.org/2024/02/06/feb-6-2024/index.html]
[www.ffpf.org/2024/02/05/feb-5-2024/index.html]
[www.ffpf.org/2024/02/08/feb-7-2024/index.html]
[www.ffpf.org/wp-json/wp/v2/pages/542.json]
[www.ffpf.org/2023/09/index.html]
[www.ffpf.org/2024/02/index.html]
[www.ffpf.org/2023/06/index.html]
[www.ffpf.org/wp-json/oembed/1.0/embed2b5a.json]
[www.ffpf.org/2023/05/index.html]
[www.ffpf.org/2022/09/index.html]
[www.ffpf.org/wp-json/oembed/1.0/embed702a]
[www.ffpf.org/2020/11/index.html]
[www.ffpf.org/wp-content/uploads/2018/10/image-1.jpg]
[www.ffpf.org/2019/09/index.html]
[www.ffpf.org/2018/11/index.html]
[www.ffpf.org/2018/05/index.html]
[www.ffpf.org/wp-content/uploads/2018/10/Reshma-Salim-Sheikh-650x530-300x245.png]
[www.ffpf.org/wp-content/uploads/2018/10/Sarthak-Bendre-452x530-256x300.jpg]
[www.ffpf.org/sponsorship/index.html]
[www.ffpf.org/wp-content/et-cache/163/et-divi-dynamic-163d6c0.css]
[www.ffpf.org/wp-json/wp/v2/pages/163.json]
[www.ffpf.org/wp-json/oembed/1.0/embed5cee.json]
[www.ffpf.org/wp-json/oembed/1.0/embed26f8]
[www.ffpf.org/wp-content/uploads/2018/11/Volunteer-Student-0101.jpg]
[www.ffpf.org/wp-content/et-cache/163/et-core-unified-deferred-163.min44c5.css]
[www.ffpf.org/cdn-cgi/l/email-protection.html]
[www.ffpf.org/wp-content/uploads/2018/10/Volunteers-02.jpg]
[www.ffpf.org/wp-content/uploads/2018/10/Volunteer-Student-03.jpg]
[www.ffpf.org/wp-content/uploads/2018/10/Family-04-300x200.jpg]
[www.ffpf.org/cdn-cgi/scripts/5c5dd728/cloudflare-static/email-decode.min.js]
[www.ffpf.org/get-involved/index.html]
[www.ffpf.org/donate/index.html]
[www.ffpf.org/wp-content/plugins/woocommerce/assets/css/select25d2d.css]
[www.ffpf.org/wp-content/plugins/woocommerce/assets/js/frontend/country-select.min5d2d.js]
[www.ffpf.org/wp-content/plugins/woocommerce/assets/js/frontend/address-i18n.min5d2d.js]
[www.ffpf.org/wp-content/plugins/woocommerce/assets/js/frontend/cart.min5d2d.js]
[www.ffpf.org/wp-content/plugins/woocommerce/assets/js/selectWoo/selectWoo.full.minea1a.js]
[www.ffpf.org/wp-json/wp/v2/pages/922.json]
[www.ffpf.org/wp-json/oembed/1.0/embed4c12.json]
[www.ffpf.org/cart/index.html]
[www.ffpf.org/wp-json/oembed/1.0/embeddfa4]
[www.ffpf.org/wp-json/wp/v2/posts/15714.json]
[www.ffpf.org/shop/index.html]
[www.ffpf.org/2024/02/09/feb-9-2024/feed/index.html]
[www.ffpf.org/wp-json/oembed/1.0/embedd447.json]
[www.ffpf.org/wp-json/oembed/1.0/embedb35c]
[www.ffpf.org/wp-content/uploads/2024/02/1-1024x576.jpg]
[www.ffpf.org/wp-content/uploads/2024/02/19-1024x576.jpg]
[www.ffpf.org/wp-content/uploads/2024/02/IMG_3710-300x200.jpg]
[www.ffpf.org/wp-content/uploads/2024/02/IMG_3978-300x200.jpg]
[www.ffpf.org/wp-content/uploads/2024/02/IMG_3532-300x200.jpg]
[www.ffpf.org/wp-content/uploads/2024/02/IMG_3545-300x200.jpg]
[www.ffpf.org/2024/02/09/feb-9-2024/index.html]
[www.ffpf.org/wp-json/wp/v2/posts/15686.json]
[www.ffpf.org/2024/02/09/feb-8-2024/feed/index.html]
[www.ffpf.org/wp-json/oembed/1.0/embed98fd.json]
[www.ffpf.org/wp-json/oembed/1.0/embed5833]
[www.ffpf.org/wp-content/uploads/2024/02/16-1024x576.jpg]
[www.ffpf.org/wp-content/uploads/2024/02/Janila-2024-02-09-09_52_28-1-229x300.jpg]
[www.ffpf.org/wp-content/uploads/2024/02/IMG_2621-2-200x300.jpg]
[www.ffpf.org/wp-content/uploads/2024/02/IMG_3427-2-300x200.jpg]
[www.ffpf.org/wp-content/uploads/2024/02/IMG_3472-2-200x300.jpg]
[www.ffpf.org/2024/02/09/feb-8-2024/index.html]
[www.ffpf.org/page/2/indexf83b.html]
[www.ffpf.org/page/3/indexf83b.html]
[www.ffpf.org/wp-json/wp/v2/pages/344.json]
[www.ffpf.org/indexf83b.html]
[www.ffpf.org/wp-json/oembed/1.0/embeddc06.json]
[www.ffpf.org/contact/index.html]
[www.ffpf.org/wp-content/plugins/woocommerce/assets/client/blocks/wc-blocksff95.css]
[www.ffpf.org/wp-json/oembed/1.0/embed6748]
[www.ffpf.org/wp-includes/js/mediaelement/mediaelementplayer-legacy.min1f61.css]
[www.ffpf.org/wp-includes/js/mediaelement/wp-mediaelement.min5352.css]
[www.ffpf.org/wp-includes/css/dist/block-library/style.min5352.css]
[www.ffpf.org/wp-includes/js/mediaelement/mejs-controls.svg]
[www.ffpf.org/fr/comments/feed/index.html]
[www.ffpf.org/wp-content/et-cache/658/et-divi-dynamic-6582016.css]
[www.ffpf.org/wp-json/wp/v2/pages/658.json]
[www.ffpf.org/wp-json/oembed/1.0/embed9d29.json]
[www.ffpf.org/wp-json/oembed/1.0/embed18cc]
[www.ffpf.org/wp-content/et-cache/658/et-core-unified-deferred-658.minab70.css]
[www.ffpf.org/wp-content/uploads/2021/05/Hemant-M.Shah-ffpf-MediaPublic-and-Government-Relations-2.jpg]
[www.ffpf.org/fr/a-propos/index.html]
[www.ffpf.org/wp-json/wp/v2/pages/691.json]
[www.ffpf.org/wp-json/oembed/1.0/embed44a3.json]
[www.ffpf.org/wp-json/oembed/1.0/embedde26]
[www.ffpf.org/wp-content/uploads/2020/11/Hand_Surgery-scaled.jpg]
[www.ffpf.org/fr/mission-2/index.html]
[www.ffpf.org/fr/2023/05/15/mission-prevue-en-fevrier-2024/index.html]
[www.ffpf.org/fr/2022/09/27/mission-prevue-en-fevrier-2023/index.html]
[www.ffpf.org/wp-json/wp/v2/pages/15434.json]
[www.ffpf.org/wp-json/oembed/1.0/embedde6d.json]
[www.ffpf.org/fr/covid-19/index.html]
[www.ffpf.org/wp-json/oembed/1.0/embed3402]
[www.ffpf.org/fr/2024/02/06/mission-ffpf-2024-jour-3/index.html]
[www.ffpf.org/fr/2024/02/05/mission-ffpf-2024-jour-2/index.html]
[www.ffpf.org/fr/2024/02/08/mission-ffpf-2024-jour-4/index.html]
[www.ffpf.org/wp-json/wp/v2/pages/692.json]
[www.ffpf.org/fr/2024/02/index.html]
[www.ffpf.org/fr/2023/06/index.html]
[www.ffpf.org/fr/2023/09/index.html]
[www.ffpf.org/wp-json/oembed/1.0/embed81a2.json]
[www.ffpf.org/fr/2023/05/index.html]
[www.ffpf.org/fr/2022/09/index.html]
[www.ffpf.org/fr/2020/11/index.html]
[www.ffpf.org/wp-json/oembed/1.0/embed5c03]
[www.ffpf.org/fr/parrainage/index.html]
[www.ffpf.org/fr/2019/09/index.html]
[www.ffpf.org/wp-content/et-cache/689/et-divi-dynamic-6891891.css]
[www.ffpf.org/fr/2018/11/index.html]
[www.ffpf.org/wp-json/wp/v2/pages/689.json]
[www.ffpf.org/wp-json/oembed/1.0/embed723b.json]
[www.ffpf.org/wp-json/oembed/1.0/embed9d4e]
[www.ffpf.org/fr/simpliquer/index.html]
[www.ffpf.org/fr/donner/index.html]
[www.ffpf.org/wp-content/et-cache/689/et-core-unified-deferred-689.min0b09.css]
[www.ffpf.org/wp-json/wp/v2/posts/15715.json]
[www.ffpf.org/fr/2024/02/09/ffpf-mission-jour-6-2024/feed/index.html]
[www.ffpf.org/wp-json/oembed/1.0/embed312b.json]
[www.ffpf.org/wp-json/oembed/1.0/embeda4bc]
[www.ffpf.org/wp-content/uploads/2024/02/2-1-1024x576.jpg]
[www.ffpf.org/wp-content/uploads/2024/02/20-1024x576.jpg]
[www.ffpf.org/wp-content/uploads/2024/02/IMG_3532-1-300x200.jpg]
[www.ffpf.org/wp-content/uploads/2024/02/IMG_3545-1-300x200.jpg]
[www.ffpf.org/wp-content/uploads/2024/02/IMG_3978-1-300x200.jpg]
[www.ffpf.org/wp-content/uploads/2024/02/IMG_3710-1-300x200.jpg]
[www.ffpf.org/fr/2024/02/09/ffpf-mission-jour-6-2024/index.html]
[www.ffpf.org/wp-json/wp/v2/posts/15689.json]
[www.ffpf.org/fr/2024/02/09/ffpf-mission-jour-5-2024/feed/index.html]
[www.ffpf.org/wp-json/oembed/1.0/embed6e5f.json]
[www.ffpf.org/wp-json/oembed/1.0/embed7047]
[www.ffpf.org/wp-content/uploads/2024/02/17-1-1024x576.jpg]
[www.ffpf.org/wp-content/uploads/2024/02/IMG_2621-200x300.jpg]
[www.ffpf.org/wp-content/uploads/2024/02/IMG_3472-200x300.jpg]
[www.ffpf.org/wp-content/uploads/2024/02/IMG_3427-300x200.jpg]
[www.ffpf.org/wp-content/uploads/2024/02/Janila-2024-02-09-09_52_28-229x300.jpg]
[www.ffpf.org/fr/2024/02/09/ffpf-mission-jour-5-2024/index.html]
[www.ffpf.org/wp-json/wp/v2/pages/700.json]
[www.ffpf.org/wp-json/oembed/1.0/embedc8ca.json]
[www.ffpf.org/wp-json/oembed/1.0/embed7a17]
[www.ffpf.org/fr/nous-joindre/index.html]
[www.ffpf.org/wp-content/plugins/woocommerce/assets/images/icons/loader.svg]
[www.ffpf.org/wp-content/plugins/woocommerce/assets/images/icons/credit-cards/visa.svg]
[www.ffpf.org/wp-content/plugins/woocommerce/assets/images/icons/credit-cards/mastercard.svg]
[www.ffpf.org/wp-content/plugins/woocommerce/assets/images/icons/credit-cards/laser.svg]
[www.ffpf.org/wp-content/plugins/woocommerce/assets/images/icons/credit-cards/diners.svg]
[www.ffpf.org/wp-content/plugins/woocommerce/assets/images/icons/credit-cards/maestro.svg]
[www.ffpf.org/wp-content/plugins/woocommerce/assets/images/icons/credit-cards/jcb.svg]
[www.ffpf.org/wp-content/plugins/woocommerce/assets/images/icons/credit-cards/amex.svg]
[www.ffpf.org/wp-content/plugins/woocommerce/assets/images/icons/credit-cards/discover.svg]
[www.ffpf.org/wp-content/plugins/give/assets/dist/fonts/icomoon5c45.svg]
[www.ffpf.org/wp-content/plugins/give/assets/dist/images/visa.svg]
[www.ffpf.org/wp-content/plugins/give/assets/dist/images/mastercard.svg]
[www.ffpf.org/wp-content/plugins/give/assets/dist/images/discover.svg]
[www.ffpf.org/wp-content/plugins/give/assets/dist/images/amex.svg]
[www.ffpf.org/wp-content/plugins/give/assets/dist/images/maestro.svg]
[www.ffpf.org/wp-content/plugins/give/assets/dist/images/diners-club.svg]
[www.ffpf.org/wp-content/plugins/give/assets/dist/images/jcb.svg]
[www.ffpf.org/wp-content/plugins/give/assets/dist/images/unionpay.svg]
[www.ffpf.org/wp-content/themes/Divi/style.css]
[www.ffpf.org/wp-content/et-cache/111/et-divi-dynamic-111bf7d.css]
[www.ffpf.org/indexbbbb.html]
[www.ffpf.org/wp-content/et-cache/700/et-core-unified-deferred-700.minee11.css]
[www.ffpf.org/wp-content/uploads/2018/10/RaviArole-Director.jpg]
[www.ffpf.org/wp-content/et-cache/111/et-core-unified-deferred-111.min8990.css]
[www.ffpf.org/indexb998.html]
[www.ffpf.org/wp-json/wp/v2/posts/15498.json]
[www.ffpf.org/2023/05/15/upcoming-february-2024-mission/feed/index.html]
[www.ffpf.org/wp-json/oembed/1.0/embed08d3.json]
[www.ffpf.org/2023/05/15/upcoming-february-2024-mission/index.html]
[www.ffpf.org/wp-json/oembed/1.0/embedfc26]
[www.ffpf.org/wp-json/wp/v2/posts/15456.json]
[www.ffpf.org/2022/09/27/mission-scheduled-for-february-2023/feed/index.html]
[www.ffpf.org/wp-json/oembed/1.0/embeda084.json]
[www.ffpf.org/2022/09/27/mission-scheduled-for-february-2023/index.html]
[www.ffpf.org/indexcd46.html]
[www.ffpf.org/wp-content/et-cache/global/et-divi-customizer-global.min7bae.css]
[www.ffpf.org/wp-json/oembed/1.0/embed8acf]
[www.ffpf.org/wp-json/wp/v2/posts/15673.json]
[www.ffpf.org/2024/02/08/feb-7-2024/feed/index.html]
[www.ffpf.org/wp-json/oembed/1.0/embedb98a.json]
[www.ffpf.org/wp-json/oembed/1.0/embedc281]
[www.ffpf.org/wp-content/uploads/2024/02/13-1024x576.jpg]
[www.ffpf.org/wp-content/uploads/2024/02/IMG_3194-1-300x200.jpg]
[www.ffpf.org/wp-content/uploads/2024/02/IMG_3206-1-200x300.jpg]
[www.ffpf.org/wp-content/uploads/2024/02/IMG_3302-1-200x300.jpg]
[www.ffpf.org/2024/02/08/feb-7-2024/index.html]
[www.ffpf.org/2024/02/06/feb-6-2024/feed/index.html]
[www.ffpf.org/wp-json/wp/v2/posts/15651.json]
[www.ffpf.org/wp-json/oembed/1.0/embeded24.json]
[www.ffpf.org/wp-json/oembed/1.0/embed55ed]
[www.ffpf.org/wp-content/uploads/2024/02/10-1024x576.jpg]
[www.ffpf.org/wp-content/uploads/2024/02/IMG_3088-1-300x200.jpg]
[www.ffpf.org/wp-content/uploads/2024/02/IMG_2865-300x200.jpg]
[www.ffpf.org/wp-content/uploads/2024/02/IMG_2831-300x200.jpg]
[www.ffpf.org/wp-content/uploads/2024/02/IMG_3074-300x200.jpg]
[www.ffpf.org/2024/02/06/feb-6-2024/index.html]
[www.ffpf.org/2024/02/05/feb-5-2024/feed/index.html]
[www.ffpf.org/wp-json/wp/v2/posts/15632.json]
[www.ffpf.org/wp-json/oembed/1.0/embedb7f0.json]
[www.ffpf.org/wp-json/oembed/1.0/embed9e99]
[www.ffpf.org/wp-content/uploads/2024/02/7-1024x576.jpg]
[www.ffpf.org/wp-content/uploads/2024/02/IMG_2608-300x200.jpg]
[www.ffpf.org/wp-content/uploads/2024/02/IMG_2680-300x200.jpg]
[www.ffpf.org/wp-content/uploads/2024/02/IMG_2626-300x200.jpg]
[www.ffpf.org/wp-content/uploads/2024/02/IMG_2739-300x203.jpg]
[www.ffpf.org/wp-content/uploads/2024/02/IMG_2673-300x200.jpg]
[www.ffpf.org/2024/02/05/feb-5-2024/index.html]
[www.ffpf.org/2024/02/index.html]
[www.ffpf.org/2023/09/index.html]
[www.ffpf.org/2024/02/page/2/index.html]
[www.ffpf.org/2023/06/index.html]
[www.ffpf.org/2023/09/29/24th-annual-freedom-from-poverty-foundation-dinner-saturday-november-11-2023-2/index.html]
[www.ffpf.org/2023/05/index.html]
[www.ffpf.org/2023/06/23/since-2009/index.html]
[www.ffpf.org/2022/09/index.html]
[www.ffpf.org/2023/06/23/merci-mr-suvagya-vasishta-arva-pour-votre-soutien/index.html]
[www.ffpf.org/2020/11/index.html]
[www.ffpf.org/2023/05/15/24th-annual-freedom-from-poverty-foundation-dinner-saturday-november-11-2023/index.html]
[www.ffpf.org/2022/09/28/23rd-annual-freedom-from-poverty-foundation-dinner-saturday-november-5-2022/index.html]
[www.ffpf.org/wp-content/uploads/2018/10/GenevieveCote-Operating-1080x675.jpg]
[www.ffpf.org/2020/11/17/subhash-khanna-mission-2020/index.html]
[www.ffpf.org/wp-content/uploads/2018/10/Family-04.jpg]
[www.ffpf.org/2019/09/index.html]
[www.ffpf.org/2019/09/29/up-comming-mission-february-2020/index.html]
[www.ffpf.org/2018/11/index.html]
[www.ffpf.org/2020/11/12/23nd-annual-freedom-from-poverty-foundation-fundraising-dinner/index.html]
[www.ffpf.org/2018/05/index.html]
[www.ffpf.org/2020/11/09/22nd-annual-freedom-from-poverty-foundation/index.html]
[www.ffpf.org/index0d79.html]
[www.ffpf.org/wp-content/et-cache/163/et-divi-dynamic-163d6c0.css]
[www.ffpf.org/index4034.html]
[www.ffpf.org/wp-content/et-cache/163/et-core-unified-deferred-163.min44c5.css]
[www.ffpf.org/cdn-cgi/l/email-protection.html]
[www.ffpf.org/wp-content/plugins/woocommerce/assets/css/select25d2d.css]
[www.ffpf.org/indexc8e5.html]
[www.ffpf.org/2019/09/28/2019-fundraising-dinner-freedom-from-poverty-foundation/index.html]
[www.ffpf.org/2018/11/05/up-coming-mission-december-2018/index.html]
[www.ffpf.org/wp-content/plugins/woocommerce/assets/css/photoswipe/photoswipe.min5d2d.css]
[www.ffpf.org/2018/05/04/fundraising-dinner/index.html]
[www.ffpf.org/wp-content/plugins/woocommerce/assets/css/photoswipe/default-skin/default-skin.min5d2d.css]
[www.ffpf.org/wp-content/plugins/woocommerce/assets/js/zoom/jquery.zoom.minac9b.js]
[www.ffpf.org/shop/feed/index.html]
[www.ffpf.org/wp-content/plugins/woocommerce/assets/js/flexslider/jquery.flexslider.minba65.js]
[www.ffpf.org/wp-content/plugins/woocommerce/assets/js/photoswipe/photoswipe.min0c72.js]
[www.ffpf.org/wp-content/plugins/woocommerce/assets/js/photoswipe/photoswipe-ui-default.min0c72.js]
[www.ffpf.org/wp-content/plugins/woocommerce/assets/js/frontend/single-product.min5d2d.js]
[www.ffpf.org/wp-content/plugins/woocommerce/assets/js/frontend/cart-fragments.min5d2d.js]
[www.ffpf.org/wp-content/plugins/woocommerce/assets/js/frontend/checkout.min5d2d.js]
[www.ffpf.org/wp-content/plugins/woocommerce/assets/js/select2/select2.full.mind167.js]
[www.ffpf.org/wp-content/et-cache/global/et-divi-customizer-cpt-global.minc945.css]
[www.ffpf.org/wp-content/uploads/2019/10/Capture-d’écran-2019-10-17-à-19.38.53-300x300.png]
[www.ffpf.org/wp-content/uploads/2019/10/Capture-d’écran-2019-10-17-à-19.21.47-300x300.png]
[www.ffpf.org/wp-content/uploads/2019/10/Capture-d’écran-2019-10-17-à-19.42.19-300x300.png]
[www.ffpf.org/sponsorship/sraddha/index.html]
[www.ffpf.org/sponsorship/parvez/index.html]
[www.ffpf.org/wp-content/uploads/2019/10/Capture-d’écran-2019-10-17-à-19.04.41-300x300.png]
[www.ffpf.org/sponsorship/sangita/index.html]
[www.ffpf.org/wp-content/uploads/2019/10/Capture-d’écran-2019-10-17-à-19.26.52-300x300.png]
[www.ffpf.org/sponsorship/tohid/index.html]
[www.ffpf.org/shop/index.html]
[www.ffpf.org/index1335.html]
[www.ffpf.org/wp-content/themes/Divi/includes/builder/scripts/cpt-modules-wrappera48f.js]
[www.ffpf.org/2024/02/09/feb-9-2024/img_3710/index.html]
[www.ffpf.org/2024/02/09/feb-9-2024/img_3978/index.html]
[www.ffpf.org/2024/02/09/feb-9-2024/img_3532/index.html]
[www.ffpf.org/sponsorship/vikas/index.html]
[www.ffpf.org/2024/02/09/feb-9-2024/img_3545/index.html]
[www.ffpf.org/index1651.html]
[www.ffpf.org/2024/02/09/feb-8-2024/janila-2024-02-09-09_52_28-2/index.html]
[www.ffpf.org/2024/02/09/feb-8-2024/img_2621-3/index.html]
[www.ffpf.org/2024/02/09/feb-8-2024/img_3427-3/index.html]
[www.ffpf.org/page/3/indexf83b.html]
[www.ffpf.org/2024/02/09/feb-8-2024/img_3472-3/index.html]
[www.ffpf.org/indexf83b.html]
[www.ffpf.org/index6150.html]
[www.ffpf.org/wp-includes/js/mediaelement/mejs-controls.svg]
[www.ffpf.org/wp-content/et-cache/658/et-divi-dynamic-6582016.css]
[www.ffpf.org/indexc9c1.html]
[www.ffpf.org/wp-content/et-cache/658/et-core-unified-deferred-658.minab70.css]
[www.ffpf.org/index2025.html]
[www.ffpf.org/2024/02/04/feb-4th-day-one-of-the-mission/index.html]
[www.ffpf.org/page/4/indexf83b.html]
[www.ffpf.org/wp-json/wp/v2/posts/15496.json]
[www.ffpf.org/fr/2023/05/15/mission-prevue-en-fevrier-2024/feed/index.html]
[www.ffpf.org/wp-json/oembed/1.0/embedec91.json]
[www.ffpf.org/fr/2023/05/15/mission-prevue-en-fevrier-2024/index.html]
[www.ffpf.org/wp-json/oembed/1.0/embed7b94]
[www.ffpf.org/wp-json/wp/v2/posts/15458.json]
[www.ffpf.org/fr/2022/09/27/mission-prevue-en-fevrier-2023/feed/index.html]
[www.ffpf.org/wp-json/oembed/1.0/embedecff.json]
[www.ffpf.org/fr/2022/09/27/mission-prevue-en-fevrier-2023/index.html]
[www.ffpf.org/indexe4d0.html]
[www.ffpf.org/wp-json/oembed/1.0/embed1985]
[www.ffpf.org/wp-json/wp/v2/posts/15667.json]
[www.ffpf.org/fr/2024/02/08/mission-ffpf-2024-jour-4/feed/index.html]
[www.ffpf.org/wp-json/oembed/1.0/embed3266.json]
[www.ffpf.org/wp-json/oembed/1.0/embed64cc]
[www.ffpf.org/wp-content/uploads/2024/02/14-1024x576.jpg]
[www.ffpf.org/wp-content/uploads/2024/02/IMG_3194-300x200.jpg]
[www.ffpf.org/wp-content/uploads/2024/02/IMG_3302-200x300.jpg]
[www.ffpf.org/wp-content/uploads/2024/02/IMG_3206-200x300.jpg]
[www.ffpf.org/fr/2024/02/08/mission-ffpf-2024-jour-4/index.html]
[www.ffpf.org/wp-json/wp/v2/posts/15652.json]
[www.ffpf.org/fr/2024/02/06/mission-ffpf-2024-jour-3/feed/index.html]
[www.ffpf.org/wp-json/oembed/1.0/embede533.json]
[www.ffpf.org/wp-json/oembed/1.0/embed3889]
[www.ffpf.org/wp-content/uploads/2024/02/11-1024x576.jpg]
[www.ffpf.org/wp-content/uploads/2024/02/IMG_3074-1-300x200.jpg]
[www.ffpf.org/wp-content/uploads/2024/02/IMG_2831-1-300x200.jpg]
[www.ffpf.org/wp-content/uploads/2024/02/IMG_2865-1-300x200.jpg]
[www.ffpf.org/wp-content/uploads/2024/02/IMG_3088-2-300x200.jpg]
[www.ffpf.org/fr/2024/02/06/mission-ffpf-2024-jour-3/index.html]
[www.ffpf.org/wp-json/wp/v2/posts/15641.json]
[www.ffpf.org/fr/2024/02/05/mission-ffpf-2024-jour-2/feed/index.html]
[www.ffpf.org/wp-json/oembed/1.0/embedfbe1.json]
[www.ffpf.org/wp-json/oembed/1.0/embedaa79]
[www.ffpf.org/wp-content/uploads/2024/02/8-1024x576.jpg]
[www.ffpf.org/wp-content/uploads/2024/02/IMG_2673-1-300x200.jpg]
[www.ffpf.org/wp-content/uploads/2024/02/IMG_2608-1-300x200.jpg]
[www.ffpf.org/wp-content/uploads/2024/02/IMG_2626-1-300x200.jpg]
[www.ffpf.org/wp-content/uploads/2024/02/IMG_2739-1-300x203.jpg]
[www.ffpf.org/wp-content/uploads/2024/02/IMG_2680-1-300x200.jpg]
[www.ffpf.org/fr/2024/02/05/mission-ffpf-2024-jour-2/index.html]
[www.ffpf.org/fr/2024/02/index.html]
[www.ffpf.org/fr/2023/09/index.html]
[www.ffpf.org/fr/2023/09/29/24e-diner/index.html]
[www.ffpf.org/fr/2023/06/index.html]
[www.ffpf.org/fr/2024/02/page/2/index.html]
[www.ffpf.org/fr/2023/05/index.html]
[www.ffpf.org/fr/2023/06/23/15591/index.html]
[www.ffpf.org/fr/2022/09/index.html]
[www.ffpf.org/fr/2023/05/15/le-24e-diner-annuel-souper-annuel-de-la-fondation-freedom-from-poverty-samedi-11-novembre-2023/index.html]
[www.ffpf.org/fr/2020/11/index.html]
[www.ffpf.org/fr/2022/09/28/23-e-edition-du-souper-benefice-annuel-de-la-fondation-pour-la-liberation-de-la-pauvrete-samedi-le-5-novembre-2022/index.html]
[www.ffpf.org/fr/2019/09/index.html]
[www.ffpf.org/fr/2020/11/17/la-mission-subhash-khanna-2020/index.html]
[www.ffpf.org/fr/2020/11/12/23e-diner-annuel-de-collecte-de-fonds-de-la-freedom-from-poverty-foundation/index.html]
[www.ffpf.org/fr/2018/11/index.html]
[www.ffpf.org/fr/2020/11/12/22e-edition-annuelle-de-la-freedom-from-poverty-foundation-diner-de-collecte-de-fonds/index.html]
[www.ffpf.org/index820c.html]
[www.ffpf.org/fr/2019/09/29/mission-a-venir-fevrier-2020/index.html]
[www.ffpf.org/wp-content/et-cache/689/et-divi-dynamic-6891891.css]
[www.ffpf.org/fr/2019/09/28/activite-de-financement-2/index.html]
[www.ffpf.org/index1b7b.html]
[www.ffpf.org/fr/2018/11/27/activite-de-financement/index.html]
[www.ffpf.org/wp-content/et-cache/689/et-core-unified-deferred-689.min0b09.css]
[www.ffpf.org/indexf267.html]
[www.ffpf.org/fr/2024/02/09/ffpf-mission-jour-6-2024/img_3532-2/index.html]
[www.ffpf.org/fr/2018/11/27/mission-a-venir-decembre-2018/index.html]
[www.ffpf.org/fr/2024/02/09/ffpf-mission-jour-6-2024/img_3545-2/index.html]
[www.ffpf.org/fr/2024/02/09/ffpf-mission-jour-6-2024/img_3978-2/index.html]
[www.ffpf.org/indexe0a9.html]
[www.ffpf.org/fr/2024/02/09/ffpf-mission-jour-6-2024/img_3710-2/index.html]
[www.ffpf.org/fr/2024/02/09/ffpf-mission-jour-5-2024/img_2621/index.html]
[www.ffpf.org/fr/2024/02/09/ffpf-mission-jour-5-2024/img_3472/index.html]
[www.ffpf.org/fr/2024/02/09/ffpf-mission-jour-5-2024/img_3427/index.html]
[www.ffpf.org/index39c5.html]
[www.ffpf.org/wp-content/et-cache/700/et-core-unified-deferred-700.minee11.css]
[www.ffpf.org/index1ae8.html]
[www.ffpf.org/indexfd8f.html]
[www.ffpf.org/index5d5c.html]
[www.ffpf.org/fr/2024/02/09/ffpf-mission-jour-5-2024/janila-2024-02-09-09_52_28/index.html]
[www.ffpf.org/2024/02/08/feb-7-2024/img_3194-2/index.html]
[www.ffpf.org/2024/02/08/feb-7-2024/img_3206-2/index.html]
[www.ffpf.org/2024/02/08/feb-7-2024/img_3302-2/index.html]
[www.ffpf.org/index98ef.html]
[www.ffpf.org/2024/02/06/feb-6-2024/img_3088-2/index.html]
[www.ffpf.org/2024/02/06/feb-6-2024/img_2865/index.html]
[www.ffpf.org/2024/02/06/feb-6-2024/img_2831/index.html]
[www.ffpf.org/2024/02/06/feb-6-2024/img_3074/index.html]
[www.ffpf.org/indexcf82.html]
[www.ffpf.org/2024/02/05/feb-5-2024/img_2608/index.html]
[www.ffpf.org/2024/02/05/feb-5-2024/img_2680/index.html]
[www.ffpf.org/2024/02/05/feb-5-2024/img_2626/index.html]
[www.ffpf.org/2024/02/05/feb-5-2024/img_2739/index.html]
[www.ffpf.org/2024/02/page/2/index.html]
[www.ffpf.org/2024/02/05/feb-5-2024/img_2673/index.html]
[www.ffpf.org/wp-json/wp/v2/posts/15596.json]
[www.ffpf.org/2023/09/29/24th-annual-freedom-from-poverty-foundation-dinner-saturday-november-11-2023-2/feed/index.html]
[www.ffpf.org/wp-json/oembed/1.0/embed4847.json]
[www.ffpf.org/wp-json/oembed/1.0/embedf428]
[www.ffpf.org/wp-content/uploads/2023/09/Screenshot-2023-09-29-at-4.18.37-PM-1024x620.png]
[www.ffpf.org/2023/09/29/24th-annual-freedom-from-poverty-foundation-dinner-saturday-november-11-2023-2/index.html]
[www.ffpf.org/wp-content/uploads/2023/09/ffpf-email-blas_62210214-5.pdf]
[www.ffpf.org/wp-json/wp/v2/posts/15587.json]
[www.ffpf.org/2023/06/23/since-2009/feed/index.html]
[www.ffpf.org/wp-json/oembed/1.0/embeda8ad.json]
[www.ffpf.org/2023/06/23/since-2009/index.html]
[www.ffpf.org/wp-json/oembed/1.0/embedbe1f]
[www.ffpf.org/wp-json/wp/v2/posts/15584.json]
[www.ffpf.org/2023/06/23/merci-mr-suvagya-vasishta-arva-pour-votre-soutien/feed/index.html]
[www.ffpf.org/wp-json/oembed/1.0/embedad8e.json]
[www.ffpf.org/2023/06/23/merci-mr-suvagya-vasishta-arva-pour-votre-soutien/index.html]
[www.ffpf.org/wp-json/oembed/1.0/embed988d]
[www.ffpf.org/wp-json/wp/v2/posts/15492.json]
[www.ffpf.org/2023/05/15/24th-annual-freedom-from-poverty-foundation-dinner-saturday-november-11-2023/feed/index.html]
[www.ffpf.org/wp-json/oembed/1.0/embeda4c2.json]
[www.ffpf.org/2023/05/15/24th-annual-freedom-from-poverty-foundation-dinner-saturday-november-11-2023/index.html]
[www.ffpf.org/wp-json/oembed/1.0/embed98a0]
[www.ffpf.org/wp-json/wp/v2/posts/15464.json]
[www.ffpf.org/2022/09/28/23rd-annual-freedom-from-poverty-foundation-dinner-saturday-november-5-2022/feed/index.html]
[www.ffpf.org/wp-json/oembed/1.0/embed6714.json]
[www.ffpf.org/2022/09/28/23rd-annual-freedom-from-poverty-foundation-dinner-saturday-november-5-2022/index.html]
[www.ffpf.org/wp-json/oembed/1.0/embed0033]
[www.ffpf.org/wp-json/wp/v2/posts/14297.json]
[www.ffpf.org/2020/11/17/subhash-khanna-mission-2020/feed/index.html]
[www.ffpf.org/wp-json/oembed/1.0/embed77d5.json]
[www.ffpf.org/2020/11/17/subhash-khanna-mission-2020/index.html]
[www.ffpf.org/wp-json/oembed/1.0/embed6111]
[www.ffpf.org/wp-json/wp/v2/posts/14068.json]
[www.ffpf.org/2020/11/12/23nd-annual-freedom-from-poverty-foundation-fundraising-dinner/feed/index.html]
[www.ffpf.org/wp-json/oembed/1.0/embed24c8.json]
[www.ffpf.org/2020/11/12/23nd-annual-freedom-from-poverty-foundation-fundraising-dinner/index.html]
[www.ffpf.org/wp-json/oembed/1.0/embed4b02]
[www.ffpf.org/wp-json/wp/v2/posts/13926.json]
[www.ffpf.org/2020/11/09/22nd-annual-freedom-from-poverty-foundation/feed/index.html]
[www.ffpf.org/wp-json/oembed/1.0/embed70b7.json]
[www.ffpf.org/2020/11/09/22nd-annual-freedom-from-poverty-foundation/index.html]
[www.ffpf.org/wp-json/oembed/1.0/embedcbfa]
[www.ffpf.org/wp-json/wp/v2/posts/910.json]
[www.ffpf.org/2019/09/29/up-comming-mission-february-2020/feed/index.html]
[www.ffpf.org/wp-json/oembed/1.0/embeddf27.json]
[www.ffpf.org/wp-json/oembed/1.0/embed6b0e]
[www.ffpf.org/wp-content/uploads/2018/10/VinodDargan-400x284.jpg]
[www.ffpf.org/wp-content/uploads/2018/11/AlexanderSomma-2.jpg]
[www.ffpf.org/wp-content/uploads/2018/11/AlexanderSomma-2-400x284.jpg]
[www.ffpf.org/wp-content/uploads/2018/11/PierreFortier-TanyaWolstenholme.jpg]
[www.ffpf.org/wp-content/uploads/2018/11/PierreFortier-TanyaWolstenholme-400x284.jpg]
[www.ffpf.org/wp-content/uploads/2018/11/ClaudineLevesque.jpg]
[www.ffpf.org/wp-content/uploads/2018/11/ClaudineLevesque-400x284.jpg]
[www.ffpf.org/wp-content/uploads/2018/10/BrunoMastropasqua.jpg]
[www.ffpf.org/wp-content/uploads/2018/10/BrunoMastropasqua-400x284.jpg]
[www.ffpf.org/wp-content/uploads/2018/11/DrDwivedi.jpg]
[www.ffpf.org/wp-content/uploads/2018/11/DrDwivedi-400x284.jpg]
[www.ffpf.org/wp-content/uploads/2018/10/MichelineNguyen.jpg]
[www.ffpf.org/wp-content/uploads/2018/10/MichelineNguyen-400x284.jpg]
[www.ffpf.org/wp-content/uploads/2018/11/Stacyboivert.jpg]
[www.ffpf.org/wp-content/uploads/2018/11/Stacyboivert-400x284.jpg]
[www.ffpf.org/wp-content/uploads/2018/10/NathalieDeschenes.jpg]
[www.ffpf.org/wp-content/uploads/2018/10/NathalieDeschenes-400x284.jpg]
[www.ffpf.org/wp-content/uploads/2018/10/NathalieBrisebois.jpg]
[www.ffpf.org/wp-content/uploads/2018/10/NathalieBrisebois-400x284.jpg]
[www.ffpf.org/wp-content/uploads/2018/11/Catherinegauthier.jpg]
[www.ffpf.org/wp-content/uploads/2018/11/Catherinegauthier-400x284.jpg]
[www.ffpf.org/2019/09/29/up-comming-mission-february-2020/index.html]
[www.ffpf.org/wp-json/wp/v2/posts/907.json]
[www.ffpf.org/wp-json/oembed/1.0/embed87bd.json]
[www.ffpf.org/2019/09/28/2019-fundraising-dinner-freedom-from-poverty-foundation/index.html]
[www.ffpf.org/wp-json/oembed/1.0/embedcc0a]
[www.ffpf.org/2018/11/05/up-coming-mission-december-2018/feed/index.html]
[www.ffpf.org/wp-json/wp/v2/posts/447.json]
[www.ffpf.org/wp-json/oembed/1.0/embedf52f.json]
[www.ffpf.org/2018/11/05/up-coming-mission-december-2018/index.html]
[www.ffpf.org/wp-json/oembed/1.0/embed4aee]
[www.ffpf.org/wp-json/wp/v2/posts/1.json]
[www.ffpf.org/wp-json/oembed/1.0/embed5909.json]
[www.ffpf.org/2018/05/04/fundraising-dinner/index.html]
[www.ffpf.org/wp-json/oembed/1.0/embed8c08]
[www.ffpf.org/wp-content/plugins/woocommerce/assets/css/photoswipe/photoswipe.min5d2d.css]
[www.ffpf.org/wp-content/plugins/woocommerce/assets/css/photoswipe/default-skin/default-skin.png]
[www.ffpf.org/wp-content/plugins/woocommerce/assets/css/photoswipe/default-skin/default-skin.svg]
[www.ffpf.org/wp-content/plugins/woocommerce/assets/css/photoswipe/default-skin/default-skin.min5d2d.css]
[www.ffpf.org/wp-content/plugins/woocommerce/assets/css/photoswipe/default-skin/preloader.gif]
[www.ffpf.org/wp-content/et-cache/global/et-divi-customizer-cpt-global.minc945.css]
[www.ffpf.org/wp-json/wp/v2/product/1022.json]
[www.ffpf.org/wp-json/oembed/1.0/embed5303.json]
[www.ffpf.org/wp-json/oembed/1.0/embedbf17]
[www.ffpf.org/wp-content/uploads/2019/10/Capture-d’écran-2019-10-17-à-19.38.53.png]
[www.ffpf.org/wp-content/uploads/2019/10/Capture-d’écran-2019-10-17-à-19.38.53-600x450.png]
[www.ffpf.org/sponsorship/sraddha/index.html]
[www.ffpf.org/sponsorship-category/surgery/index.html]
[www.ffpf.org/sponsorship-tag/burn/index.html]
[www.ffpf.org/sponsorship-tag/donate/index.html]
[www.ffpf.org/sponsorship-tag/heal/index.html]
[www.ffpf.org/wp-json/wp/v2/product/1014.json]
[www.ffpf.org/sponsorship-tag/surgery/index.html]
[www.ffpf.org/wp-json/oembed/1.0/embedf859.json]
[www.ffpf.org/wp-json/oembed/1.0/embed8f89]
[www.ffpf.org/wp-content/uploads/2019/10/Capture-d’écran-2019-10-17-à-19.21.47.png]
[www.ffpf.org/sponsorship/parvez/index.html]
[www.ffpf.org/wp-content/uploads/2019/10/Capture-d’écran-2019-10-17-à-19.21.47-600x372.png]
[www.ffpf.org/wp-json/wp/v2/product/1026.json]
[www.ffpf.org/wp-json/oembed/1.0/embedf052.json]
[www.ffpf.org/wp-json/oembed/1.0/embed3a06]
[www.ffpf.org/wp-content/uploads/2019/10/Capture-d’écran-2019-10-17-à-19.42.19.png]
[www.ffpf.org/sponsorship/sangita/index.html]
[www.ffpf.org/wp-content/uploads/2019/10/Capture-d’écran-2019-10-17-à-19.42.19-600x507.png]
[www.ffpf.org/wp-json/wp/v2/product/1010.json]
[www.ffpf.org/wp-json/oembed/1.0/embed4c61.json]
[www.ffpf.org/wp-json/oembed/1.0/embed09c9]
[www.ffpf.org/wp-content/uploads/2019/10/Capture-d’écran-2019-10-17-à-19.04.41.png]
[www.ffpf.org/sponsorship/tohid/index.html]
[www.ffpf.org/wp-content/uploads/2019/10/Capture-d’écran-2019-10-17-à-19.04.41-600x302.png]
[www.ffpf.org/wp-json/wp/v2/product/1016.json]
[www.ffpf.org/wp-json/oembed/1.0/embed7916.json]
[www.ffpf.org/wp-json/oembed/1.0/embed8d4a]
[www.ffpf.org/wp-content/uploads/2019/10/Capture-d’écran-2019-10-17-à-19.26.52.png]
[www.ffpf.org/sponsorship/vikas/index.html]
[www.ffpf.org/wp-content/uploads/2019/10/Capture-d’écran-2019-10-17-à-19.26.52-600x296.png]
[www.ffpf.org/wp-json/wp/v2/posts/15610.json]
[www.ffpf.org/2024/02/04/feb-4th-day-one-of-the-mission/feed/index.html]
[www.ffpf.org/fr/2024/02/04/mission-ffpf-2024-jour-1/index.html]
[www.ffpf.org/wp-json/oembed/1.0/embedb677.json]
[www.ffpf.org/wp-json/oembed/1.0/embed3e6e]
[www.ffpf.org/wp-content/uploads/2024/02/Copy-of-FFPF-2024-1024x576.jpg]
[www.ffpf.org/wp-content/uploads/2024/02/IMG_2299-copy-300x200.jpg]
[www.ffpf.org/wp-content/uploads/2024/02/IMG_2358-copy-300x200.jpg]
[www.ffpf.org/wp-content/uploads/2024/02/IMG_2413-copy-300x200.jpg]
[www.ffpf.org/wp-content/uploads/2024/02/IMG_2389-copy-300x200.jpg]
[www.ffpf.org/wp-content/uploads/2024/02/IMG_2563-copy-200x300.jpg]
[www.ffpf.org/wp-content/uploads/2024/02/IMG_1556-2-300x200.jpg]
[www.ffpf.org/2024/02/04/feb-4th-day-one-of-the-mission/index.html]
[www.ffpf.org/page/4/indexf83b.html]
[www.ffpf.org/page/5/indexf83b.html]
[www.ffpf.org/index7cb6.html]
[www.ffpf.org/indexbb3e.html]
[www.ffpf.org/indexce50.html]
[www.ffpf.org/fr/2024/02/08/mission-ffpf-2024-jour-4/img_3194/index.html]
[www.ffpf.org/fr/2024/02/08/mission-ffpf-2024-jour-4/img_3302/index.html]
[www.ffpf.org/fr/2024/02/08/mission-ffpf-2024-jour-4/img_3206/index.html]
[www.ffpf.org/index2240.html]
[www.ffpf.org/fr/2024/02/06/mission-ffpf-2024-jour-3/img_3074-2/index.html]
[www.ffpf.org/fr/2024/02/06/mission-ffpf-2024-jour-3/img_2831-2/index.html]
[www.ffpf.org/fr/2024/02/06/mission-ffpf-2024-jour-3/img_2865-2/index.html]
[www.ffpf.org/fr/2024/02/06/mission-ffpf-2024-jour-3/img_3088-3/index.html]
[www.ffpf.org/index8aff.html]
[www.ffpf.org/fr/2024/02/05/mission-ffpf-2024-jour-2/img_2673-2/index.html]
[www.ffpf.org/fr/2024/02/05/mission-ffpf-2024-jour-2/img_2608-2/index.html]
[www.ffpf.org/fr/2024/02/05/mission-ffpf-2024-jour-2/img_2626-2/index.html]
[www.ffpf.org/fr/2024/02/05/mission-ffpf-2024-jour-2/img_2739-2/index.html]
[www.ffpf.org/fr/2024/02/05/mission-ffpf-2024-jour-2/img_2680-2/index.html]
[www.ffpf.org/fr/2024/02/page/2/index.html]
[www.ffpf.org/wp-json/wp/v2/posts/15601.json]
[www.ffpf.org/fr/2023/09/29/24e-diner/feed/index.html]
[www.ffpf.org/wp-json/oembed/1.0/embedd599.json]
[www.ffpf.org/wp-json/oembed/1.0/embed04e8]
[www.ffpf.org/fr/2023/09/29/24e-diner/index.html]
[www.ffpf.org/wp-content/uploads/2023/09/Screenshot-2023-09-29-at-4.24.15-PM-1024x616.png]
[www.ffpf.org/wp-json/wp/v2/posts/15591.json]
[www.ffpf.org/fr/2023/06/23/15591/feed/index.html]
[www.ffpf.org/wp-json/oembed/1.0/embed0c05.json]
[www.ffpf.org/fr/2023/06/23/15591/index.html]
[www.ffpf.org/wp-json/oembed/1.0/embedfa9e]
[www.ffpf.org/fr/2023/05/15/le-24e-diner-annuel-souper-annuel-de-la-fondation-freedom-from-poverty-samedi-11-novembre-2023/feed/index.html]
[www.ffpf.org/wp-json/wp/v2/posts/15494.json]
[www.ffpf.org/wp-json/oembed/1.0/embed95d6.json]
[www.ffpf.org/fr/2023/05/15/le-24e-diner-annuel-souper-annuel-de-la-fondation-freedom-from-poverty-samedi-11-novembre-2023/index.html]
[www.ffpf.org/wp-json/oembed/1.0/embed3e6c]
[www.ffpf.org/wp-json/wp/v2/posts/15466.json]
[www.ffpf.org/fr/2022/09/28/23-e-edition-du-souper-benefice-annuel-de-la-fondation-pour-la-liberation-de-la-pauvrete-samedi-le-5-novembre-2022/feed/index.html]
[www.ffpf.org/wp-json/oembed/1.0/embed308a.json]
[www.ffpf.org/fr/2022/09/28/23-e-edition-du-souper-benefice-annuel-de-la-fondation-pour-la-liberation-de-la-pauvrete-samedi-le-5-novembre-2022/index.html]
[www.ffpf.org/wp-json/oembed/1.0/embed5c9b]
[www.ffpf.org/wp-json/wp/v2/posts/14294.json]
[www.ffpf.org/fr/2020/11/17/la-mission-subhash-khanna-2020/feed/index.html]
[www.ffpf.org/wp-json/oembed/1.0/embedea1c.json]
[www.ffpf.org/fr/2020/11/17/la-mission-subhash-khanna-2020/index.html]
[www.ffpf.org/wp-json/oembed/1.0/embedf3d8]
[www.ffpf.org/wp-json/wp/v2/posts/14070.json]
[www.ffpf.org/fr/2020/11/12/23e-diner-annuel-de-collecte-de-fonds-de-la-freedom-from-poverty-foundation/feed/index.html]
[www.ffpf.org/wp-json/oembed/1.0/embed4b23.json]
[www.ffpf.org/fr/2020/11/12/23e-diner-annuel-de-collecte-de-fonds-de-la-freedom-from-poverty-foundation/index.html]
[www.ffpf.org/wp-json/oembed/1.0/embedf80e]
[www.ffpf.org/wp-json/wp/v2/posts/13930.json]
[www.ffpf.org/fr/2020/11/12/22e-edition-annuelle-de-la-freedom-from-poverty-foundation-diner-de-collecte-de-fonds/feed/index.html]
[www.ffpf.org/wp-json/oembed/1.0/embed10af.json]
[www.ffpf.org/fr/2020/11/12/22e-edition-annuelle-de-la-freedom-from-poverty-foundation-diner-de-collecte-de-fonds/index.html]
[www.ffpf.org/wp-json/oembed/1.0/embedc39e]
[www.ffpf.org/wp-json/wp/v2/posts/916.json]
[www.ffpf.org/fr/2019/09/29/mission-a-venir-fevrier-2020/feed/index.html]
[www.ffpf.org/wp-json/oembed/1.0/embed86d1.json]
[www.ffpf.org/fr/2019/09/29/mission-a-venir-fevrier-2020/index.html]
[www.ffpf.org/wp-json/oembed/1.0/embed6489]
[www.ffpf.org/wp-json/wp/v2/posts/903.json]
[www.ffpf.org/wp-json/oembed/1.0/embed50ef.json]
[www.ffpf.org/fr/2019/09/28/activite-de-financement-2/index.html]
[www.ffpf.org/wp-json/oembed/1.0/embed5c54]
[www.ffpf.org/wp-json/wp/v2/posts/740.json]
[www.ffpf.org/wp-json/oembed/1.0/embedac21.json]
[www.ffpf.org/fr/2018/11/27/activite-de-financement/index.html]
[www.ffpf.org/wp-json/oembed/1.0/embedfb8e]
[www.ffpf.org/fr/2018/11/27/mission-a-venir-decembre-2018/feed/index.html]
[www.ffpf.org/wp-json/wp/v2/posts/735.json]
[www.ffpf.org/wp-json/oembed/1.0/embede946.json]
[www.ffpf.org/fr/2018/11/27/mission-a-venir-decembre-2018/index.html]
[www.ffpf.org/index800c.html]
[www.ffpf.org/index06a2.html]
[www.ffpf.org/index9f07.html]
[www.ffpf.org/index62f3.html]
[www.ffpf.org/index8989.html]
[www.ffpf.org/indexeb70.html]
[www.ffpf.org/indexb79f.html]
[www.ffpf.org/index93c6.html]
[www.ffpf.org/index0865.html]
[www.ffpf.org/indexa5c3.html]
[www.ffpf.org/index42fe.html]
[www.ffpf.org/indexcff1.html]
[www.ffpf.org/wp-content/plugins/woocommerce/assets/css/photoswipe/default-skin/default-skin.svg]
[www.ffpf.org/indexb703.html]
[www.ffpf.org/wp-json/oembed/1.0/embedd5f5]
[www.ffpf.org/sponsorship-category/surgery/index.html]
[www.ffpf.org/wp-json/wp/v2/product_cat/41.json]
[www.ffpf.org/sponsorship-category/surgery/feed/index.html]
[www.ffpf.org/sponsorship-tag/burn/index.html]
[www.ffpf.org/wp-json/wp/v2/product_tag/44.json]
[www.ffpf.org/sponsorship-tag/burn/feed/index.html]
[www.ffpf.org/sponsorship-tag/donate/index.html]
[www.ffpf.org/wp-json/wp/v2/product_tag/42.json]
[www.ffpf.org/sponsorship-tag/donate/feed/index.html]
[www.ffpf.org/sponsorship-tag/heal/index.html]
[www.ffpf.org/wp-json/wp/v2/product_tag/45.json]
[www.ffpf.org/sponsorship-tag/heal/feed/index.html]
[www.ffpf.org/sponsorship-tag/surgery/index.html]
[www.ffpf.org/index039f.html]
[www.ffpf.org/index8285.html]
[www.ffpf.org/indexdf2a.html]
[www.ffpf.org/index8d1b.html]
[www.ffpf.org/wp-json/wp/v2/product_tag/43.json]
[www.ffpf.org/sponsorship-tag/surgery/feed/index.html]
[www.ffpf.org/wp-json/wp/v2/posts/15627.json]
[www.ffpf.org/fr/2024/02/04/mission-ffpf-2024-jour-1/feed/index.html]
[www.ffpf.org/wp-json/oembed/1.0/embedcdb9.json]
[www.ffpf.org/wp-json/oembed/1.0/embeddb7c]
[www.ffpf.org/fr/2024/02/04/mission-ffpf-2024-jour-1/index.html]
[www.ffpf.org/wp-content/uploads/2024/02/5-1024x576.jpg]
[www.ffpf.org/indexd4aa.html]
[www.ffpf.org/2024/02/04/feb-4th-day-one-of-the-mission/img_2299-copy/index.html]
[www.ffpf.org/2024/02/04/feb-4th-day-one-of-the-mission/img_2358-copy/index.html]
[www.ffpf.org/2024/02/04/feb-4th-day-one-of-the-mission/img_2413-copy/index.html]
[www.ffpf.org/2024/02/04/feb-4th-day-one-of-the-mission/img_2389-copy/index.html]
[www.ffpf.org/2024/02/04/feb-4th-day-one-of-the-mission/img_2563-copy/index.html]
[www.ffpf.org/page/5/indexf83b.html]
[www.ffpf.org/2024/02/04/feb-4th-day-one-of-the-mission/img_1556-2/index.html]
[www.ffpf.org/indexb5a0.html]
[www.ffpf.org/indexac97.html]
[www.ffpf.org/index606d.html]
[www.ffpf.org/index190c.html]
[www.ffpf.org/indexee45.html]
[www.ffpf.org/index893b.html]
[www.ffpf.org/index7f3d.html]
[www.ffpf.org/index5998.html]
[www.ffpf.org/index975b.html]
[www.ffpf.org/index8da8.html]
[www.ffpf.org/indexb45d.html]
[www.ffpf.org/page/6/indexf83b.html]
[www.ffpf.org/fr/sponsorship-category/surgery/index.html]
[www.ffpf.org/fr/sponsorship-tag/burn/index.html]
[www.ffpf.org/fr/sponsorship-tag/donate/index.html]
[www.ffpf.org/fr/sponsorship-tag/heal/index.html]
[www.ffpf.org/fr/sponsorship-tag/surgery/index.html]
[www.ffpf.org/indexd226.html]
[www.ffpf.org/page/6/indexf83b.html]
[www.ffpf.org/page/7/indexf83b.html]
[www.ffpf.org/page/7/indexf83b.html]
[www.ffpf.org/page/8/indexf83b.html]
[www.ffpf.org/page/8/indexf83b.html]
[www.ffpf.org/page/9/indexf83b.html]
[www.ffpf.org/wp-content/uploads/2018/10/GenevieveCote-Operating-400x250.jpg]
[www.ffpf.org/wp-content/uploads/2018/10/Family-04-400x250.jpg]
[www.ffpf.org/page/9/indexf83b.html]
[www.ffpf.org/page/10/indexf83b.html]
[www.ffpf.org/page/10/indexf83b.html]
